[NX v22.7.3 Daemon Client] - 2026-05-24T13:02:46.499Z - [Client] Starting new daemon server in background
[NX v22.7.3 Daemon Client] - 2026-05-24T13:02:46.505Z - [Client] Waiting for server (max: 6000 attempts, 10ms interval)
[NX v22.7.3 Daemon Server] - 2026-05-24T13:02:47.218Z - Time taken for 'workspace context init' 2.983249999999998ms
DEBUG nx::native::telemetry: Telemetry service initialized successfully
[NX v22.7.3 Daemon Server] - 2026-05-24T13:02:47.738Z - New daemon starting from: /home/sli/Documents/pi/pi-portal/node_modules/nx/dist/src/daemon/server/server.js
[NX v22.7.3 Daemon Server] - 2026-05-24T13:02:47.739Z - New daemon __dirname: /home/sli/Documents/pi/pi-portal/node_modules/nx/dist/src/daemon/server
[NX v22.7.3 Daemon Server] - 2026-05-24T13:02:47.739Z - New daemon nxVersion: 22.7.3
[NX v22.7.3 Daemon Server] - 2026-05-24T13:02:47.748Z - New daemon getInstalledNxVersion(): 22.7.3
[NX v22.7.3 Daemon Server] - 2026-05-24T13:02:47.754Z - [Server] Starting outdated check interval (20ms)
[NX v22.7.3 Daemon Server] - 2026-05-24T13:02:47.761Z - Started listening on: /tmp/a94c6dd0318d6b8cd765/d.sock
[NX v22.7.3 Daemon Server] - 2026-05-24T13:02:47.765Z - [WATCHER]: Subscribed to changes within: /home/sli/Documents/pi/pi-portal (native)
[NX v22.7.3 Daemon Server] - 2026-05-24T13:02:47.768Z - [LATEST-NX]: Pulling latest Nx...
[NX v22.7.3 Daemon Client] - 2026-05-24T13:02:47.774Z - [Client] Server available
[NX v22.7.3 Daemon Client] - 2026-05-24T13:02:47.774Z - [Client] Daemon server started, pid=18484
[NX v22.7.3 Daemon Client] - 2026-05-24T13:02:47.776Z - [Messenger] Setting up socket listeners
[NX v22.7.3 Daemon Client] - 2026-05-24T13:02:47.776Z - [Messenger] listen() complete
[NX v22.7.3 Daemon Server] - 2026-05-24T13:02:47.777Z - [AI-AGENTS]: Starting agent configuration status computation
[NX v22.7.3 Daemon Server] - 2026-05-24T13:02:47.783Z - Established a connection. Number of open connections: 1
[NX v22.7.3 Daemon Server] - 2026-05-24T13:02:47.784Z - Established a connection. Number of open connections: 2
[NX v22.7.3 Daemon Server] - 2026-05-24T13:02:47.785Z - Closed a connection. Number of open connections: 1
[NX v22.7.3 Daemon Client] - 2026-05-24T13:02:47.879Z - [Messenger] Sending message type: REQUEST_PROJECT_GRAPH
[NX v22.7.3 Daemon Client] - 2026-05-24T13:02:47.880Z - [Messenger] Message sent
[isolated-plugin] spawned worker for "/home/sli/Documents/pi/pi-portal/node_modules/nx/dist/src/plugins/js" (pid: 18547, socket: /tmp/plugin18484-0-1341.539678.sock)
[isolated-plugin] spawned worker for "/home/sli/Documents/pi/pi-portal/node_modules/nx/dist/src/plugins/package-json" (pid: 18548, socket: /tmp/plugin18484-1-1353.248051.sock)
[isolated-plugin] spawned worker for "/home/sli/Documents/pi/pi-portal/node_modules/nx/dist/src/plugins/project-json/build-nodes/project-json" (pid: 18549, socket: /tmp/plugin18484-2-1360.196133.sock)
[isolated-plugin] spawned worker for "@nx/webpack/plugin" (pid: 18550, socket: /tmp/plugin18484-3-1368.233576.sock)
[isolated-plugin] spawned worker for "@nx/eslint/plugin" (pid: 18551, socket: /tmp/plugin18484-4-1377.291565.sock)
[NX v22.7.3 Daemon Server] - 2026-05-24T13:02:47.930Z - Received raw message of length 5687
[NX v22.7.3 Daemon Server] - 2026-05-24T13:02:47.931Z - Received json message of type REQUEST_PROJECT_GRAPH
[NX v22.7.3 Daemon Server] - 2026-05-24T13:02:47.932Z - [REQUEST]: Client Request for Project Graph Received
[plugin-worker] "/home/sli/Documents/pi/pi-portal/node_modules/nx/dist/src/plugins/js" (pid: 18547) listening on /tmp/plugin18484-0-1341.539678.sock
[isolated-plugin] connected to worker for "/home/sli/Documents/pi/pi-portal/node_modules/nx/dist/src/plugins/js" (pid: 18547)
[NX v22.7.3 Daemon Server] - 2026-05-24T13:02:48.647Z - Time taken for 'start-plugin-worker:/home/sli/Documents/pi/pi-portal/node_modules/nx/dist/src/plugins/js' 763.0430060000001ms
[plugin-worker] "/home/sli/Documents/pi/pi-portal/node_modules/nx/dist/src/plugins/js" (pid: 18547) connected
Time taken for 'plugin worker 18547 code loading' 415.58899999999994ms
[plugin-worker] "/home/sli/Documents/pi/pi-portal/node_modules/nx/dist/src/plugins/project-json/build-nodes/project-json" (pid: 18549) listening on /tmp/plugin18484-2-1360.196133.sock
[isolated-plugin] connected to worker for "/home/sli/Documents/pi/pi-portal/node_modules/nx/dist/src/plugins/project-json/build-nodes/project-json" (pid: 18549)
[NX v22.7.3 Daemon Server] - 2026-05-24T13:02:48.686Z - Time taken for 'start-plugin-worker:/home/sli/Documents/pi/pi-portal/node_modules/nx/dist/src/plugins/project-json/build-nodes/project-json' 785.4785040000002ms
Time taken for 'plugin worker 18549 code loading' 440.76449ms
[plugin-worker] "/home/sli/Documents/pi/pi-portal/node_modules/nx/dist/src/plugins/package-json" (pid: 18548) listening on /tmp/plugin18484-1-1353.248051.sock
[isolated-plugin] connected to worker for "/home/sli/Documents/pi/pi-portal/node_modules/nx/dist/src/plugins/package-json" (pid: 18548)
[NX v22.7.3 Daemon Server] - 2026-05-24T13:02:48.774Z - Time taken for 'start-plugin-worker:/home/sli/Documents/pi/pi-portal/node_modules/nx/dist/src/plugins/package-json' 880.9893219999999ms
[plugin-worker] "@nx/webpack/plugin" (pid: 18550) listening on /tmp/plugin18484-3-1368.233576.sock
[plugin-worker] "/home/sli/Documents/pi/pi-portal/node_modules/nx/dist/src/plugins/package-json" (pid: 18548) connected
[isolated-plugin] connected to worker for "@nx/webpack/plugin" (pid: 18550)
[NX v22.7.3 Daemon Server] - 2026-05-24T13:02:48.793Z - Time taken for 'start-plugin-worker:@nx/webpack/plugin' 882.9570480000002ms
Time taken for 'plugin worker 18548 code loading' 469.831639ms
Time taken for 'plugin worker 18550 code loading' 447.65528600000005ms
[plugin-worker] "@nx/eslint/plugin" (pid: 18551) listening on /tmp/plugin18484-4-1377.291565.sock
[isolated-plugin] connected to worker for "@nx/eslint/plugin" (pid: 18551)
[NX v22.7.3 Daemon Server] - 2026-05-24T13:02:48.834Z - Time taken for 'start-plugin-worker:@nx/eslint/plugin' 916.7280640000001ms
[plugin-worker] "@nx/eslint/plugin" (pid: 18551) connected
Time taken for 'plugin worker 18551 code loading' 505.012769ms
[plugin-worker] "/home/sli/Documents/pi/pi-portal/node_modules/nx/dist/src/plugins/project-json/build-nodes/project-json" (pid: 18549) connected
[plugin-worker] "/home/sli/Documents/pi/pi-portal/node_modules/nx/dist/src/plugins/project-json/build-nodes/project-json" (pid: 18549) loaded successfully
[NX v22.7.3 Daemon Server] - 2026-05-24T13:02:49.560Z - Time taken for 'Load Nx Plugin: /home/sli/Documents/pi/pi-portal/node_modules/nx/dist/src/plugins/project-json/build-nodes/project-json' 1685.214154ms
[plugin-worker] "@nx/webpack/plugin" (pid: 18550) connected
[plugin-worker] "/home/sli/Documents/pi/pi-portal/node_modules/nx/dist/src/plugins/js" (pid: 18547) loaded successfully
[NX v22.7.3 Daemon Server] - 2026-05-24T13:02:49.668Z - Time taken for 'Load Nx Plugin: /home/sli/Documents/pi/pi-portal/node_modules/nx/dist/src/plugins/js' 1796.524956ms
[plugin-worker] "/home/sli/Documents/pi/pi-portal/node_modules/nx/dist/src/plugins/package-json" (pid: 18548) loaded successfully
[NX v22.7.3 Daemon Server] - 2026-05-24T13:02:49.748Z - Time taken for 'loadDefaultNxPlugins' 1876.3728440000002ms
[NX v22.7.3 Daemon Server] - 2026-05-24T13:02:49.748Z - Time taken for 'Load Nx Plugin: /home/sli/Documents/pi/pi-portal/node_modules/nx/dist/src/plugins/package-json' 1872.713239ms
[plugin-worker] "@nx/webpack/plugin" (pid: 18550) loaded successfully
[NX v22.7.3 Daemon Server] - 2026-05-24T13:02:49.931Z - Time taken for 'Load Nx Plugin: @nx/webpack/plugin' 2054.0663109999996ms
[plugin-worker] "@nx/eslint/plugin" (pid: 18551) loaded successfully
[NX v22.7.3 Daemon Server] - 2026-05-24T13:02:49.972Z - [REQUEST]: Updated workspace context based on watched changes, recomputing project graph...
[NX v22.7.3 Daemon Server] - 2026-05-24T13:02:49.972Z - [REQUEST]: 
[NX v22.7.3 Daemon Server] - 2026-05-24T13:02:49.972Z - [REQUEST]: 
[NX v22.7.3 Daemon Server] - 2026-05-24T13:02:49.981Z - Reusing in-memory cached project graph because no files changed.
[NX v22.7.3 Daemon Server] - 2026-05-24T13:02:49.983Z - Streaming message to client: progress update for topic graph-construction
[NX v22.7.3 Daemon Client] - 2026-05-24T13:02:49.984Z - [Messenger] Received message, length: 47
[NX v22.7.3 Daemon Server] - 2026-05-24T13:02:50.021Z - Time taken for 'loadSpecifiedNxPlugins' 2094.751752ms
[NX v22.7.3 Daemon Server] - 2026-05-24T13:02:50.022Z - Time taken for 'Load Nx Plugin: @nx/eslint/plugin' 2092.84619ms
[NX v22.7.3 Daemon Server] - 2026-05-24T13:02:50.022Z - Time taken for 'hash changed files from watcher' 0.34291299999995317ms
[NX v22.7.3 Daemon Server] - 2026-05-24T13:02:50.027Z - Streaming message to client: progress update for topic graph-construction
Time taken for 'nx/js/dependencies-and-lockfile:createNodes' 0.9405380000002879ms
[NX v22.7.3 Daemon Client] - 2026-05-24T13:02:50.028Z - [Messenger] Received message, length: 189
[isolated-plugin] shutting down worker for "nx/core/project-json" after createNodes
[NX v22.7.3 Daemon Server] - 2026-05-24T13:02:50.037Z - Streaming message to client: progress update for topic graph-construction
[NX v22.7.3 Daemon Client] - 2026-05-24T13:02:50.037Z - [Messenger] Received message, length: 163
[NX v22.7.3 Daemon Client] - 2026-05-24T13:02:50.037Z - [Messenger] Setting up socket listeners
[NX v22.7.3 Daemon Client] - 2026-05-24T13:02:50.038Z - [Messenger] listen() complete
[NX v22.7.3 Daemon Client] - 2026-05-24T13:02:50.039Z - [Messenger] Setting up socket listeners
[NX v22.7.3 Daemon Client] - 2026-05-24T13:02:50.041Z - [Messenger] listen() complete
[NX v22.7.3 Daemon Server] - 2026-05-24T13:02:50.046Z - Established a connection. Number of open connections: 2
[NX v22.7.3 Daemon Server] - 2026-05-24T13:02:50.047Z - Established a connection. Number of open connections: 3
[NX v22.7.3 Daemon Server] - 2026-05-24T13:02:50.048Z - Closed a connection. Number of open connections: 2
[NX v22.7.3 Daemon Server] - 2026-05-24T13:02:50.048Z - Established a connection. Number of open connections: 3
[NX v22.7.3 Daemon Server] - 2026-05-24T13:02:50.049Z - Established a connection. Number of open connections: 4
[NX v22.7.3 Daemon Server] - 2026-05-24T13:02:50.049Z - Closed a connection. Number of open connections: 3
[isolated-plugin] shutting down worker for "nx/core/package-json" after createNodes
[NX v22.7.3 Daemon Server] - 2026-05-24T13:02:50.054Z - Streaming message to client: progress update for topic graph-construction
[NX v22.7.3 Daemon Client] - 2026-05-24T13:02:50.054Z - [Messenger] Received message, length: 137
[NX v22.7.3 Daemon Client] - 2026-05-24T13:02:50.151Z - [Messenger] Sending message type: HASH_GLOB
[NX v22.7.3 Daemon Client] - 2026-05-24T13:02:50.152Z - [Messenger] Message sent
[NX v22.7.3 Daemon Client] - 2026-05-24T13:02:50.157Z - [Messenger] Sending message type: GLOB
[NX v22.7.3 Daemon Client] - 2026-05-24T13:02:50.157Z - [Messenger] Message sent
Time taken for 'daemon-message-serialization-HASH_GLOB' 0.13743599999997969ms
[NX v22.7.3 Daemon Server] - 2026-05-24T13:02:50.282Z - Received raw message of length 61
[NX v22.7.3 Daemon Server] - 2026-05-24T13:02:50.282Z - Received json message of type HASH_GLOB
[NX v22.7.3 Daemon Server] - 2026-05-24T13:02:50.284Z - Serializing response for HASH_GLOB message in json mode
[NX v22.7.3 Daemon Server] - 2026-05-24T13:02:50.284Z - Responding to HASH_GLOB message
[NX v22.7.3 Daemon Server] - 2026-05-24T13:02:50.284Z - [REQUEST]: Responding to the client. handleHashGlob
[NX v22.7.3 Daemon Server] - 2026-05-24T13:02:50.284Z - Done responding to the client handleHashGlob
[NX v22.7.3 Daemon Server] - 2026-05-24T13:02:50.285Z - Handled json message HASH_GLOB. Handling time: 1. Response time: 1.
Time taken for 'daemon-message-serialization-GLOB' 0.09718300000031377ms
[NX v22.7.3 Daemon Client] - 2026-05-24T13:02:50.285Z - [Messenger] Received message, length: 22
[NX v22.7.3 Daemon Server] - 2026-05-24T13:02:50.285Z - Received raw message of length 73
[NX v22.7.3 Daemon Server] - 2026-05-24T13:02:50.286Z - Received json message of type GLOB
[NX v22.7.3 Daemon Server] - 2026-05-24T13:02:50.287Z - Serializing response for GLOB message in json mode
[NX v22.7.3 Daemon Server] - 2026-05-24T13:02:50.287Z - Responding to GLOB message
[NX v22.7.3 Daemon Server] - 2026-05-24T13:02:50.287Z - [REQUEST]: Responding to the client. handleGlob
[NX v22.7.3 Daemon Server] - 2026-05-24T13:02:50.288Z - Done responding to the client handleGlob
[NX v22.7.3 Daemon Server] - 2026-05-24T13:02:50.288Z - Handled json message GLOB. Handling time: 1. Response time: 1.
[NX v22.7.3 Daemon Client] - 2026-05-24T13:02:50.288Z - [Messenger] Received message, length: 989
[NX v22.7.3 Daemon Client] - 2026-05-24T13:02:50.296Z - [Messenger] Sending message type: HASH_MULTI_GLOB
[NX v22.7.3 Daemon Client] - 2026-05-24T13:02:50.297Z - [Messenger] Message sent
[NX v22.7.3 Daemon Server] - 2026-05-24T13:02:50.297Z - Received raw message of length 450
[NX v22.7.3 Daemon Server] - 2026-05-24T13:02:50.297Z - Received json message of type HASH_MULTI_GLOB
[NX v22.7.3 Daemon Server] - 2026-05-24T13:02:50.301Z - Serializing response for HASH_GLOB message in json mode
[NX v22.7.3 Daemon Server] - 2026-05-24T13:02:50.301Z - Responding to HASH_GLOB message
[NX v22.7.3 Daemon Server] - 2026-05-24T13:02:50.301Z - [REQUEST]: Responding to the client. handleHashMultiGlob
[NX v22.7.3 Daemon Server] - 2026-05-24T13:02:50.301Z - Done responding to the client handleHashMultiGlob
[NX v22.7.3 Daemon Server] - 2026-05-24T13:02:50.301Z - Handled json message HASH_GLOB. Handling time: 3. Response time: 0.
[NX v22.7.3 Daemon Client] - 2026-05-24T13:02:50.301Z - [Messenger] Received message, length: 111
Time taken for 'GLOB round trip' 132.9132340000001ms
Time taken for 'deserialize daemon response - GLOB' 0.4282859999998436ms
Time taken for 'daemon-message-serialization-HASH_MULTI_GLOB' 0.09020800000007512ms
Time taken for 'HASH_MULTI_GLOB round trip' 5.8918109999999615ms
Time taken for 'deserialize daemon response - HASH_MULTI_GLOB' 0.06681799999978466ms
[isolated-plugin] shutting down worker for "@nx/webpack/plugin" after createNodes
[NX v22.7.3 Daemon Server] - 2026-05-24T13:02:50.652Z - Streaming message to client: progress update for topic graph-construction
[NX v22.7.3 Daemon Client] - 2026-05-24T13:02:50.652Z - [Messenger] Received message, length: 98
[NX v22.7.3 Daemon Server] - 2026-05-24T13:02:50.672Z - Closed a connection. Number of open connections: 2
Fetching nx...
[isolated-plugin] shutting down worker for "@nx/eslint/plugin" after createNodes
[NX v22.7.3 Daemon Server] - 2026-05-24T13:02:52.051Z - Streaming message to client: progress update for topic graph-construction
[NX v22.7.3 Daemon Client] - 2026-05-24T13:02:52.051Z - [Messenger] Received message, length: 47
[NX v22.7.3 Daemon Server] - 2026-05-24T13:02:52.125Z - Streaming message to client: progress update for topic graph-construction
[NX v22.7.3 Daemon Client] - 2026-05-24T13:02:52.125Z - [Messenger] Received message, length: 47
[NX v22.7.3 Daemon Server] - 2026-05-24T13:02:52.127Z - Time taken for 'build-project-configs' 2103.326774ms
[NX v22.7.3 Daemon Server] - 2026-05-24T13:02:52.127Z - Time taken for 'createNodes:merge' 33.02760599999965ms
[NX v22.7.3 Daemon Server] - 2026-05-24T13:02:52.127Z - Time taken for 'native-file-deps' 0.04400199999963661ms
[NX v22.7.3 Daemon Server] - 2026-05-24T13:02:52.127Z - Time taken for 'get-workspace-files' 0.9903719999992973ms
[NX v22.7.3 Daemon Server] - 2026-05-24T13:02:52.128Z - Time taken for 'get-all-workspace-files' 0.26028799999949115ms
[NX v22.7.3 Daemon Server] - 2026-05-24T13:02:52.128Z - Time taken for 'read cache' 0.29054400000040914ms
[NX v22.7.3 Daemon Server] - 2026-05-24T13:02:52.163Z - Closed a connection. Number of open connections: 1
[isolated-plugin] shutting down worker for "nx/js/dependencies-and-lockfile" after createDependencies
[NX v22.7.3 Daemon Server] - 2026-05-24T13:02:52.481Z - Streaming message to client: progress update for topic graph-construction
[NX v22.7.3 Daemon Client] - 2026-05-24T13:02:52.482Z - [Messenger] Received message, length: 47
[NX v22.7.3 Daemon Server] - 2026-05-24T13:02:52.486Z - [SYNC]: collect registered sync generators
[NX v22.7.3 Daemon Server] - 2026-05-24T13:02:52.491Z - Wrote project graph cache to /home/sli/Documents/pi/pi-portal/.nx/workspace-data/project-graph.json
[NX v22.7.3 Daemon Server] - 2026-05-24T13:02:52.491Z - Serializing response for REQUEST_PROJECT_GRAPH message in json mode
[NX v22.7.3 Daemon Server] - 2026-05-24T13:02:52.492Z - Responding to REQUEST_PROJECT_GRAPH message
[NX v22.7.3 Daemon Server] - 2026-05-24T13:02:52.492Z - [REQUEST]: Responding to the client. project-graph
[NX v22.7.3 Daemon Server] - 2026-05-24T13:02:52.492Z - Done responding to the client project-graph
[NX v22.7.3 Daemon Server] - 2026-05-24T13:02:52.492Z - Handled json message REQUEST_PROJECT_GRAPH. Handling time: 4559. Response time: 1.
[NX v22.7.3 Daemon Client] - 2026-05-24T13:02:52.492Z - [Messenger] Received message, length: 30979
[NX v22.7.3 Daemon Server] - 2026-05-24T13:02:52.492Z - Time taken for 'total for creating and serializing project graph' 4559.1341139999995ms
[NX v22.7.3 Daemon Server] - 2026-05-24T13:02:52.492Z - Time taken for 'total execution time for createProjectGraph()' 373.39758399999937ms
[NX v22.7.3 Daemon Server] - 2026-05-24T13:02:52.492Z - Time taken for 'createDependencies' 358.0388299999995ms
[NX v22.7.3 Daemon Server] - 2026-05-24T13:02:52.493Z - Time taken for 'nx/js/dependencies-and-lockfile:createDependencies' 356.8936730000005ms
[NX v22.7.3 Daemon Server] - 2026-05-24T13:02:52.493Z - Time taken for 'createMetadata' 0.07181600000058097ms
[NX v22.7.3 Daemon Server] - 2026-05-24T13:02:52.493Z - Time taken for 'serialize graph' 0.47354099999938626ms
[NX v22.7.3 Daemon Server] - 2026-05-24T13:02:52.493Z - Time taken for 'write cache' 2.21148600000015ms
[NX v22.7.3 Daemon Client] - 2026-05-24T13:02:52.504Z - [Messenger] Sending message type: PRE_TASKS_EXECUTION
[NX v22.7.3 Daemon Client] - 2026-05-24T13:02:52.505Z - [Messenger] Message sent
[NX v22.7.3 Daemon Server] - 2026-05-24T13:02:52.505Z - Received raw message of length 1415
[NX v22.7.3 Daemon Server] - 2026-05-24T13:02:52.505Z - Received json message of type PRE_TASKS_EXECUTION
[NX v22.7.3 Daemon Server] - 2026-05-24T13:02:52.509Z - Serializing response for PRE_TASKS_EXECUTION message in json mode
[NX v22.7.3 Daemon Server] - 2026-05-24T13:02:52.509Z - Responding to PRE_TASKS_EXECUTION message
[NX v22.7.3 Daemon Server] - 2026-05-24T13:02:52.509Z - [REQUEST]: Responding to the client. handleRunPreTasksExecution
[NX v22.7.3 Daemon Server] - 2026-05-24T13:02:52.509Z - Done responding to the client handleRunPreTasksExecution
[NX v22.7.3 Daemon Server] - 2026-05-24T13:02:52.509Z - Handled json message PRE_TASKS_EXECUTION. Handling time: 3. Response time: 0.
[NX v22.7.3 Daemon Client] - 2026-05-24T13:02:52.509Z - [Messenger] Received message, length: 2
[NX v22.7.3 Daemon Server] - 2026-05-24T13:02:52.511Z - Time taken for 'preTasksExecution' 2.4615040000007866ms
DEBUG nx::native::telemetry::service: Sent 1 events: [nx/js/dependencies-and-lockfile:createDe]
[NX v22.7.3 Daemon Client] - 2026-05-24T13:02:52.597Z - [Messenger] Sending message type: HASH_TASKS
[NX v22.7.3 Daemon Client] - 2026-05-24T13:02:52.598Z - [Messenger] Message sent
[NX v22.7.3 Daemon Server] - 2026-05-24T13:02:52.598Z - Received raw message of length 23061
[NX v22.7.3 Daemon Server] - 2026-05-24T13:02:52.599Z - Received json message of type HASH_TASKS
[NX v22.7.3 Daemon Server] - 2026-05-24T13:02:52.600Z - Reusing in-memory cached project graph because no files changed.
DEBUG nx::native::tasks::hash_planner: get_plans_internal FAILED in 239.609µs for 3 tasks
[NX v22.7.3 Daemon Server] - 2026-05-24T13:02:52.604Z - [REQUEST]: Responding to the client with an error. [HASH_TASKS] The externalDependency 'webpack-cli' for 'api:build' could not be found
Error: The externalDependency 'webpack-cli' for 'api:build' could not be found
    at NativeTaskHasherImpl.hashTasks (/home/sli/Documents/pi/pi-portal/node_modules/nx/dist/src/hasher/native-task-hasher-impl.js:32:36)
    at InProcessTaskHasher.hashTasks (/home/sli/Documents/pi/pi-portal/node_modules/nx/dist/src/hasher/task-hasher.js:73:46)
    at handleHashTasks (/home/sli/Documents/pi/pi-portal/node_modules/nx/dist/src/daemon/server/handle-hash-tasks.js:23:41)
    at process.processTicksAndRejections (node:internal/process/task_queues:103:5)
    at async handleResult (/home/sli/Documents/pi/pi-portal/node_modules/nx/dist/src/daemon/server/server.js:232:14)
    at async handleMessage (/home/sli/Documents/pi/pi-portal/node_modules/nx/dist/src/daemon/server/server.js:141:9)
    at async /home/sli/Documents/pi/pi-portal/node_modules/nx/dist/src/daemon/server/server.js:79:9
[NX v22.7.3 Daemon Server] - 2026-05-24T13:02:52.606Z - Done responding to the client null
[NX v22.7.3 Daemon Client] - 2026-05-24T13:02:52.606Z - [Messenger] Received message, length: 1064
